curl \
	--request POST \
	--header "apikey: supabase.anon.key" \
	--header "x-client-info: functions-swift/x.y.z" \
	--header "x-region: ap-northeast-1" \
	"http://localhost:5432/functions/v1/hello-world?forceFunctionRegion=ap-northeast-1"