curl \
	--request PUT \
	--header "Apikey: dummy.api.key" \
	--header "Authorization: Bearer accesstoken" \
	--header "Content-Type: application/json" \
	--header "X-Client-Info: gotrue-swift/x.y.z" \
	--header "X-Supabase-Api-Version: 2024-01-01" \
	--data "{\"data\":{\"custom_key\":\"custom_value\"},\"email\":\"example@mail.com\",\"nonce\":\"abcdef\",\"password\":\"another.pass\",\"phone\":\"+1 202-918-2132\"}" \
	"http://localhost:54321/auth/v1/user"