curl \
	--request POST \
	--header "Apikey: dummy.api.key" \
	--header "Content-Type: application/json" \
	--header "X-Client-Info: gotrue-swift/x.y.z" \
	--header "X-Supabase-Api-Version: 2024-01-01" \
	--data "{\"access_token\":\"access-token\",\"gotrue_meta_security\":{\"captcha_token\":\"captcha-token\"},\"id_token\":\"id-token\",\"link_identity\":false,\"nonce\":\"nonce\",\"provider\":\"apple\"}" \
	"http://localhost:54321/auth/v1/token?grant_type=id_token"